14:55:51 **** Incremental Build of configuration Debug for project 02_UART_tx_rx ****
make -j8 all 
arm-none-eabi-gcc "../Src/uart.c" -mcpu=cortex-m3 -std=gnu11 -g3 -DDEBUG -DSTM32 -DSTM32F1 -DSTM32F103C8Tx -c -I../Inc -O0 -ffunction-sections -fdata-sections -Wall -fstack-usage -fcyclomatic-complexity -MMD -MP -MF"Src/uart.d" -MT"Src/uart.o" --specs=nano.specs -mfloat-abi=soft -mthumb -o "Src/uart.o"
arm-none-eabi-gcc -o "02_UART_tx_rx.elf" @"objects.list"   -mcpu=cortex-m3 -T"C:\Users\JMS\Desktop\STM32F103C8\02_UART_tx_rx\STM32F103C8TX_FLASH.ld" --specs=nosys.specs -Wl,-Map="02_UART_tx_rx.map" -Wl,--gc-sections -static --specs=nano.specs -mfloat-abi=soft -mthumb -Wl,--start-group -lc -lm -Wl,--end-group
Finished building target: 02_UART_tx_rx.elf
 
arm-none-eabi-size   02_UART_tx_rx.elf 
arm-none-eabi-objdump -h -S  02_UART_tx_rx.elf  > "02_UART_tx_rx.list"
   text	   data	    bss	    dec	    hex	filename
   1044	      8	   1568	   2620	    a3c	02_UART_tx_rx.elf
Finished building: default.size.stdout
 
Finished building: 02_UART_tx_rx.list
 

14:55:53 Build Finished. 0 errors, 0 warnings. (took 2s.208ms)

