17:04:03 **** Incremental Build of configuration Debug for project 04_UART_TX_RX ****
make -j8 all 
arm-none-eabi-gcc "../Src/main.c" -mcpu=cortex-m3 -std=gnu11 -g3 -DDEBUG -DSTM32 -DSTM32F1 -DSTM32F103C8Tx -c -I../Inc -O0 -ffunction-sections -fdata-sections -Wall -fstack-usage -fcyclomatic-complexity -MMD -MP -MF"Src/main.d" -MT"Src/main.o" --specs=nano.specs -mfloat-abi=soft -mthumb -o "Src/main.o"
arm-none-eabi-gcc -o "04_UART_TX_RX.elf" @"objects.list"   -mcpu=cortex-m3 -T"C:\Users\JMS\Desktop\STM32F103C8\04_UART_TX_RX\STM32F103C8TX_FLASH.ld" --specs=nosys.specs -Wl,-Map="04_UART_TX_RX.map" -Wl,--gc-sections -static --specs=nano.specs -mfloat-abi=soft -mthumb -Wl,--start-group -lc -lm -Wl,--end-group
Finished building target: 04_UART_TX_RX.elf
 
arm-none-eabi-size   04_UART_TX_RX.elf 
arm-none-eabi-objdump -h -S  04_UART_TX_RX.elf  > "04_UART_TX_RX.list"
   text	   data	    bss	    dec	    hex	filename
   3824	    100	   1900	   5824	   16c0	04_UART_TX_RX.elf
Finished building: default.size.stdout
 
Finished building: 04_UART_TX_RX.list
 

17:04:04 Build Finished. 0 errors, 0 warnings. (took 1s.119ms)

